 
****************************************
Report : constraint
        -all_violators
Design : fanout
Version: P-2019.03-SP1-1
Date   : Thu Mar 11 17:55:06 2021
****************************************


   max_transition

                             Required        Actual
   Net                      Transition     Transition        Slack
   -----------------------------------------------------------------
   ce1                          0.50           1.73          -1.23  (VIOLATED)
       PIN :   e17/U1/A1        0.50           1.73          -1.23  (VIOLATED)
       PIN :   e17/U2/A1        0.50           1.73          -1.23  (VIOLATED)
       PIN :   e16/U1/A1        0.50           1.73          -1.23  (VIOLATED)
       PIN :   e16/U2/A1        0.50           1.73          -1.23  (VIOLATED)
       PIN :   e19/U1/A1        0.50           1.73          -1.23  (VIOLATED)
       PIN :   e19/U2/A1        0.50           1.73          -1.23  (VIOLATED)
       PIN :   e11/U1/A1        0.50           1.73          -1.23  (VIOLATED)
       PIN :   e11/U2/A1        0.50           1.73          -1.23  (VIOLATED)
       PIN :   e13/U1/A1        0.50           1.73          -1.23  (VIOLATED)
       PIN :   e13/U2/A1        0.50           1.73          -1.23  (VIOLATED)
       PIN :   e14/U1/A1        0.50           1.73          -1.23  (VIOLATED)
       PIN :   e14/U2/A1        0.50           1.73          -1.23  (VIOLATED)
       PIN :   e18/U1/A1        0.50           1.73          -1.23  (VIOLATED)
       PIN :   e18/U2/A1        0.50           1.73          -1.23  (VIOLATED)
       PIN :   e12/U1/A1        0.50           1.73          -1.23  (VIOLATED)
       PIN :   e12/U2/A1        0.50           1.73          -1.23  (VIOLATED)
       PIN :   e15/U1/A1        0.50           1.73          -1.23  (VIOLATED)
       PIN :   e15/U2/A1        0.50           1.73          -1.23  (VIOLATED)
       PORT :  ce1              0.50           1.73          -1.23  (VIOLATED)
       PIN :   U24/Y            0.50           1.73          -1.23  (VIOLATED)
       PIN :   e110/U1/A1       0.50           1.73          -1.23  (VIOLATED)
       PIN :   e110/U2/A1       0.50           1.73          -1.23  (VIOLATED)
   ce11                         0.50           1.54          -1.04  (VIOLATED)
       PIN :   e113/U1/A1       0.50           1.54          -1.04  (VIOLATED)
       PIN :   e113/U2/A1       0.50           1.54          -1.04  (VIOLATED)
       PIN :   e116/U1/A1       0.50           1.54          -1.04  (VIOLATED)
       PIN :   e116/U2/A1       0.50           1.54          -1.04  (VIOLATED)
       PIN :   e1110/U1/A1      0.50           1.54          -1.04  (VIOLATED)
       PIN :   e1110/U2/A1      0.50           1.54          -1.04  (VIOLATED)
       PIN :   e112/U1/A1       0.50           1.54          -1.04  (VIOLATED)
       PIN :   e112/U2/A1       0.50           1.54          -1.04  (VIOLATED)
       PIN :   e118/U1/A1       0.50           1.54          -1.04  (VIOLATED)
       PIN :   e118/U2/A1       0.50           1.54          -1.04  (VIOLATED)
       PIN :   e115/U1/A1       0.50           1.54          -1.04  (VIOLATED)
       PIN :   e115/U2/A1       0.50           1.54          -1.04  (VIOLATED)
       PIN :   e114/U1/A1       0.50           1.54          -1.04  (VIOLATED)
       PIN :   e114/U2/A1       0.50           1.54          -1.04  (VIOLATED)
       PIN :   e117/U1/A1       0.50           1.54          -1.04  (VIOLATED)
       PIN :   e117/U2/A1       0.50           1.54          -1.04  (VIOLATED)
       PIN :   e111/U1/A1       0.50           1.54          -1.04  (VIOLATED)
       PIN :   e111/U2/A1       0.50           1.54          -1.04  (VIOLATED)
       PORT :  ce11             0.50           1.54          -1.04  (VIOLATED)
       PIN :   U34/Y            0.50           1.54          -1.04  (VIOLATED)
       PIN :   e119/U1/A1       0.50           1.54          -1.04  (VIOLATED)
       PIN :   e119/U2/A1       0.50           1.54          -1.04  (VIOLATED)
   n65                          0.50           1.08          -0.58  (VIOLATED)
       PIN :   e19/U2/A3        0.50           1.08          -0.58  (VIOLATED)
       PIN :   e19/U1/Y         0.50           1.08          -0.58  (VIOLATED)
       PIN :   U26/A            0.50           1.08          -0.58  (VIOLATED)
   n75                          0.50           1.07          -0.57  (VIOLATED)
       PIN :   e119/U2/A3       0.50           1.07          -0.57  (VIOLATED)
       PIN :   e119/U1/Y        0.50           1.07          -0.57  (VIOLATED)
       PIN :   U36/A            0.50           1.07          -0.57  (VIOLATED)
   n47                          0.50           1.06          -0.56  (VIOLATED)
       PIN :   e10/U2/A3        0.50           1.06          -0.56  (VIOLATED)
       PIN :   e10/U1/Y         0.50           1.06          -0.56  (VIOLATED)
       PIN :   U15/A            0.50           1.06          -0.56  (VIOLATED)
   n107                         0.50           1.05          -0.55  (VIOLATED)
       PIN :   e11/U2/A3        0.50           1.05          -0.55  (VIOLATED)
       PIN :   e11/U1/Y         0.50           1.05          -0.55  (VIOLATED)
       PIN :   U34/A            0.50           1.05          -0.55  (VIOLATED)
   n63                          0.50           1.05          -0.55  (VIOLATED)
       PIN :   e17/U2/A3        0.50           1.05          -0.55  (VIOLATED)
       PIN :   e17/U1/Y         0.50           1.05          -0.55  (VIOLATED)
       PIN :   U28/A            0.50           1.05          -0.55  (VIOLATED)
   n43                          0.50           1.04          -0.54  (VIOLATED)
       PIN :   e6/U2/A3         0.50           1.04          -0.54  (VIOLATED)
       PIN :   e6/U1/Y          0.50           1.04          -0.54  (VIOLATED)
       PIN :   U19/A            0.50           1.04          -0.54  (VIOLATED)
   n71                          0.50           1.04          -0.54  (VIOLATED)
       PIN :   e115/U2/A3       0.50           1.04          -0.54  (VIOLATED)
       PIN :   e115/U1/Y        0.50           1.04          -0.54  (VIOLATED)
       PIN :   U40/A            0.50           1.04          -0.54  (VIOLATED)
   n67                          0.50           1.01          -0.51  (VIOLATED)
       PIN :   e111/U2/A3       0.50           1.01          -0.51  (VIOLATED)
       PIN :   e111/U1/Y        0.50           1.01          -0.51  (VIOLATED)
       PIN :   U48/A            0.50           1.01          -0.51  (VIOLATED)
   n70                          0.50           1.01          -0.51  (VIOLATED)
       PIN :   e114/U2/A3       0.50           1.01          -0.51  (VIOLATED)
       PIN :   e114/U1/Y        0.50           1.01          -0.51  (VIOLATED)
       PIN :   U41/A            0.50           1.01          -0.51  (VIOLATED)
   n48                          0.50           1.01          -0.51  (VIOLATED)
       PIN :   f1/U2/A3         0.50           1.01          -0.51  (VIOLATED)
       PIN :   f1/U1/Y          0.50           1.01          -0.51  (VIOLATED)
       PIN :   U14/A            0.50           1.01          -0.51  (VIOLATED)
   n49                          0.50           1.01          -0.51  (VIOLATED)
       PIN :   f2/U2/A3         0.50           1.01          -0.51  (VIOLATED)
       PIN :   f2/U1/Y          0.50           1.01          -0.51  (VIOLATED)
       PIN :   U13/A            0.50           1.01          -0.51  (VIOLATED)
   n51                          0.50           1.00          -0.50  (VIOLATED)
       PIN :   f4/U2/A3         0.50           1.00          -0.50  (VIOLATED)
       PIN :   f4/U1/Y          0.50           1.00          -0.50  (VIOLATED)
       PIN :   U11/A            0.50           1.00          -0.50  (VIOLATED)
   n52                          0.50           1.00          -0.50  (VIOLATED)
       PIN :   f5/U2/A3         0.50           1.00          -0.50  (VIOLATED)
       PIN :   f5/U1/Y          0.50           1.00          -0.50  (VIOLATED)
       PIN :   U10/A            0.50           1.00          -0.50  (VIOLATED)
   n74                          0.50           0.99          -0.49  (VIOLATED)
       PIN :   e118/U2/A3       0.50           0.99          -0.49  (VIOLATED)
       PIN :   e118/U1/Y        0.50           0.99          -0.49  (VIOLATED)
       PIN :   U37/A            0.50           0.99          -0.49  (VIOLATED)
   n58                          0.50           0.98          -0.48  (VIOLATED)
       PIN :   e12/U2/A3        0.50           0.98          -0.48  (VIOLATED)
       PIN :   e12/U1/Y         0.50           0.98          -0.48  (VIOLATED)
       PIN :   U33/A            0.50           0.98          -0.48  (VIOLATED)
   n61                          0.50           0.98          -0.48  (VIOLATED)
       PIN :   e15/U2/A3        0.50           0.98          -0.48  (VIOLATED)
       PIN :   e15/U1/Y         0.50           0.98          -0.48  (VIOLATED)
       PIN :   U30/A            0.50           0.98          -0.48  (VIOLATED)
   n64                          0.50           0.98          -0.48  (VIOLATED)
       PIN :   e18/U2/A3        0.50           0.98          -0.48  (VIOLATED)
       PIN :   e18/U1/Y         0.50           0.98          -0.48  (VIOLATED)
       PIN :   U27/A            0.50           0.98          -0.48  (VIOLATED)
   n68                          0.50           0.98          -0.48  (VIOLATED)
       PIN :   e112/U2/A3       0.50           0.98          -0.48  (VIOLATED)
       PIN :   e112/U1/Y        0.50           0.98          -0.48  (VIOLATED)
       PIN :   U47/A            0.50           0.98          -0.48  (VIOLATED)
   n66                          0.50           0.97          -0.47  (VIOLATED)
       PIN :   e110/U2/A3       0.50           0.97          -0.47  (VIOLATED)
       PIN :   e110/U1/Y        0.50           0.97          -0.47  (VIOLATED)
       PIN :   U25/A            0.50           0.97          -0.47  (VIOLATED)
   n60                          0.50           0.97          -0.47  (VIOLATED)
       PIN :   e14/U2/A3        0.50           0.97          -0.47  (VIOLATED)
       PIN :   e14/U1/Y         0.50           0.97          -0.47  (VIOLATED)
       PIN :   U31/A            0.50           0.97          -0.47  (VIOLATED)
   n69                          0.50           0.97          -0.47  (VIOLATED)
       PIN :   e113/U2/A3       0.50           0.97          -0.47  (VIOLATED)
       PIN :   e113/U1/Y        0.50           0.97          -0.47  (VIOLATED)
       PIN :   U42/A            0.50           0.97          -0.47  (VIOLATED)
   n73                          0.50           0.97          -0.47  (VIOLATED)
       PIN :   e117/U2/A3       0.50           0.97          -0.47  (VIOLATED)
       PIN :   e117/U1/Y        0.50           0.97          -0.47  (VIOLATED)
       PIN :   U38/A            0.50           0.97          -0.47  (VIOLATED)
   n40                          0.50           0.97          -0.47  (VIOLATED)
       PIN :   e3/U2/A3         0.50           0.97          -0.47  (VIOLATED)
       PIN :   e3/U1/Y          0.50           0.97          -0.47  (VIOLATED)
       PIN :   U22/A            0.50           0.97          -0.47  (VIOLATED)
   n72                          0.50           0.96          -0.46  (VIOLATED)
       PIN :   e116/U2/A3       0.50           0.96          -0.46  (VIOLATED)
       PIN :   e116/U1/Y        0.50           0.96          -0.46  (VIOLATED)
       PIN :   U39/A            0.50           0.96          -0.46  (VIOLATED)
   n76                          0.50           0.96          -0.46  (VIOLATED)
       PIN :   e1110/U2/A3      0.50           0.96          -0.46  (VIOLATED)
       PIN :   e1110/U1/Y       0.50           0.96          -0.46  (VIOLATED)
       PIN :   U35/A            0.50           0.96          -0.46  (VIOLATED)
   n55                          0.50           0.96          -0.46  (VIOLATED)
       PIN :   f8/U2/A3         0.50           0.96          -0.46  (VIOLATED)
       PIN :   f8/U1/Y          0.50           0.96          -0.46  (VIOLATED)
       PIN :   U7/A             0.50           0.96          -0.46  (VIOLATED)
   n62                          0.50           0.96          -0.46  (VIOLATED)
       PIN :   e16/U2/A3        0.50           0.96          -0.46  (VIOLATED)
       PIN :   e16/U1/Y         0.50           0.96          -0.46  (VIOLATED)
       PIN :   U29/A            0.50           0.96          -0.46  (VIOLATED)
   n59                          0.50           0.95          -0.45  (VIOLATED)
       PIN :   e13/U2/A3        0.50           0.95          -0.45  (VIOLATED)
       PIN :   e13/U1/Y         0.50           0.95          -0.45  (VIOLATED)
       PIN :   U32/A            0.50           0.95          -0.45  (VIOLATED)
   n57                          0.50           0.95          -0.45  (VIOLATED)
       PIN :   f10/U2/A3        0.50           0.95          -0.45  (VIOLATED)
       PIN :   f10/U1/Y         0.50           0.95          -0.45  (VIOLATED)
       PIN :   U5/A             0.50           0.95          -0.45  (VIOLATED)
   n53                          0.50           0.94          -0.44  (VIOLATED)
       PIN :   f6/U2/A3         0.50           0.94          -0.44  (VIOLATED)
       PIN :   f6/U1/Y          0.50           0.94          -0.44  (VIOLATED)
       PIN :   U9/A             0.50           0.94          -0.44  (VIOLATED)
   n56                          0.50           0.94          -0.44  (VIOLATED)
       PIN :   f9/U2/A3         0.50           0.94          -0.44  (VIOLATED)
       PIN :   f9/U1/Y          0.50           0.94          -0.44  (VIOLATED)
       PIN :   U6/A             0.50           0.94          -0.44  (VIOLATED)
   n45                          0.50           0.93          -0.43  (VIOLATED)
       PIN :   e8/U2/A3         0.50           0.93          -0.43  (VIOLATED)
       PIN :   e8/U1/Y          0.50           0.93          -0.43  (VIOLATED)
       PIN :   U17/A            0.50           0.93          -0.43  (VIOLATED)
   n46                          0.50           0.93          -0.43  (VIOLATED)
       PIN :   e9/U2/A3         0.50           0.93          -0.43  (VIOLATED)
       PIN :   e9/U1/Y          0.50           0.93          -0.43  (VIOLATED)
       PIN :   U16/A            0.50           0.93          -0.43  (VIOLATED)
   n41                          0.50           0.93          -0.43  (VIOLATED)
       PIN :   e4/U2/A3         0.50           0.93          -0.43  (VIOLATED)
       PIN :   e4/U1/Y          0.50           0.93          -0.43  (VIOLATED)
       PIN :   U21/A            0.50           0.93          -0.43  (VIOLATED)
   n42                          0.50           0.93          -0.43  (VIOLATED)
       PIN :   e5/U2/A3         0.50           0.93          -0.43  (VIOLATED)
       PIN :   e5/U1/Y          0.50           0.93          -0.43  (VIOLATED)
       PIN :   U20/A            0.50           0.93          -0.43  (VIOLATED)
   n96                          0.50           0.93          -0.43  (VIOLATED)
       PIN :   e1/U2/A3         0.50           0.93          -0.43  (VIOLATED)
       PIN :   e1/U1/Y          0.50           0.93          -0.43  (VIOLATED)
       PIN :   U24/A            0.50           0.93          -0.43  (VIOLATED)
   n54                          0.50           0.93          -0.43  (VIOLATED)
       PIN :   f7/U2/A3         0.50           0.93          -0.43  (VIOLATED)
       PIN :   f7/U1/Y          0.50           0.93          -0.43  (VIOLATED)
       PIN :   U8/A             0.50           0.93          -0.43  (VIOLATED)
   n50                          0.50           0.92          -0.42  (VIOLATED)
       PIN :   f3/U2/A3         0.50           0.92          -0.42  (VIOLATED)
       PIN :   f3/U1/Y          0.50           0.92          -0.42  (VIOLATED)
       PIN :   U12/A            0.50           0.92          -0.42  (VIOLATED)
   n39                          0.50           0.92          -0.42  (VIOLATED)
       PIN :   e2/U2/A3         0.50           0.92          -0.42  (VIOLATED)
       PIN :   e2/U1/Y          0.50           0.92          -0.42  (VIOLATED)
       PIN :   U23/A            0.50           0.92          -0.42  (VIOLATED)
   n44                          0.50           0.92          -0.42  (VIOLATED)
       PIN :   e7/U2/A3         0.50           0.92          -0.42  (VIOLATED)
       PIN :   e7/U1/Y          0.50           0.92          -0.42  (VIOLATED)
       PIN :   U18/A            0.50           0.92          -0.42  (VIOLATED)
   se1                          0.50           0.77          -0.27  (VIOLATED)
       PIN :   e11/U1/A2        0.50           0.77          -0.27  (VIOLATED)
       PIN :   e11/U2/A2        0.50           0.77          -0.27  (VIOLATED)
       PIN :   e17/U1/A2        0.50           0.77          -0.27  (VIOLATED)
       PIN :   e17/U2/A2        0.50           0.77          -0.27  (VIOLATED)
       PIN :   e13/U1/A2        0.50           0.77          -0.27  (VIOLATED)
       PIN :   e13/U2/A2        0.50           0.77          -0.27  (VIOLATED)
       PIN :   e19/U1/A2        0.50           0.77          -0.27  (VIOLATED)
       PIN :   e19/U2/A2        0.50           0.77          -0.27  (VIOLATED)
       PIN :   e15/U1/A2        0.50           0.77          -0.27  (VIOLATED)
       PIN :   e15/U2/A2        0.50           0.77          -0.27  (VIOLATED)
       PIN :   e18/U1/A2        0.50           0.77          -0.27  (VIOLATED)
       PIN :   e18/U2/A2        0.50           0.77          -0.27  (VIOLATED)
       PORT :  se1              0.50           0.77          -0.27  (VIOLATED)
       PIN :   U57/Y            0.50           0.77          -0.27  (VIOLATED)
       PIN :   e110/U1/A2       0.50           0.77          -0.27  (VIOLATED)
       PIN :   e110/U2/A2       0.50           0.77          -0.27  (VIOLATED)
   ce16                         0.50           0.60          -0.10  (VIOLATED)
       PORT :  ce16             0.50           0.60          -0.10  (VIOLATED)
       PIN :   U29/Y            0.50           0.60          -0.10  (VIOLATED)
   ce6                          0.50           0.59          -0.09  (VIOLATED)
       PORT :  ce6              0.50           0.59          -0.09  (VIOLATED)
       PIN :   U19/Y            0.50           0.59          -0.09  (VIOLATED)
   ce117                        0.50           0.59          -0.09  (VIOLATED)
       PORT :  ce117            0.50           0.59          -0.09  (VIOLATED)
       PIN :   U38/Y            0.50           0.59          -0.09  (VIOLATED)
   ce10                         0.50           0.58          -0.08  (VIOLATED)
       PORT :  ce10             0.50           0.58          -0.08  (VIOLATED)
       PIN :   U15/Y            0.50           0.58          -0.08  (VIOLATED)
   ce19                         0.50           0.58          -0.08  (VIOLATED)
       PORT :  ce19             0.50           0.58          -0.08  (VIOLATED)
       PIN :   U26/Y            0.50           0.58          -0.08  (VIOLATED)
   ce118                        0.50           0.58          -0.08  (VIOLATED)
       PORT :  ce118            0.50           0.58          -0.08  (VIOLATED)
       PIN :   U37/Y            0.50           0.58          -0.08  (VIOLATED)
   ce119                        0.50           0.57          -0.07  (VIOLATED)
       PORT :  ce119            0.50           0.57          -0.07  (VIOLATED)
       PIN :   U36/Y            0.50           0.57          -0.07  (VIOLATED)
   ce17                         0.50           0.56          -0.06  (VIOLATED)
       PORT :  ce17             0.50           0.56          -0.06  (VIOLATED)
       PIN :   U28/Y            0.50           0.56          -0.06  (VIOLATED)
   n168                         0.50           0.56          -0.06  (VIOLATED)
       PIN :   f3/U1/A1         0.50           0.56          -0.06  (VIOLATED)
       PIN :   f3/U2/A1         0.50           0.56          -0.06  (VIOLATED)
       PIN :   f5/U1/A1         0.50           0.56          -0.06  (VIOLATED)
       PIN :   f5/U2/A1         0.50           0.56          -0.06  (VIOLATED)
       PIN :   f6/U1/A1         0.50           0.56          -0.06  (VIOLATED)
       PIN :   f6/U2/A1         0.50           0.56          -0.06  (VIOLATED)
       PIN :   f7/U1/A1         0.50           0.56          -0.06  (VIOLATED)
       PIN :   f7/U2/A1         0.50           0.56          -0.06  (VIOLATED)
       PIN :   f8/U1/A1         0.50           0.56          -0.06  (VIOLATED)
       PIN :   f8/U2/A1         0.50           0.56          -0.06  (VIOLATED)
       PIN :   f9/U1/A1         0.50           0.56          -0.06  (VIOLATED)
       PIN :   f9/U2/A1         0.50           0.56          -0.06  (VIOLATED)
       PIN :   U96/Y            0.50           0.56          -0.06  (VIOLATED)
       PIN :   f10/U1/A1        0.50           0.56          -0.06  (VIOLATED)
       PIN :   f10/U2/A1        0.50           0.56          -0.06  (VIOLATED)
   ce14                         0.50           0.56          -0.06  (VIOLATED)
       PORT :  ce14             0.50           0.56          -0.06  (VIOLATED)
       PIN :   U31/Y            0.50           0.56          -0.06  (VIOLATED)
   ce111                        0.50           0.56          -0.06  (VIOLATED)
       PORT :  ce111            0.50           0.56          -0.06  (VIOLATED)
       PIN :   U48/Y            0.50           0.56          -0.06  (VIOLATED)
   cf5                          0.50           0.56          -0.06  (VIOLATED)
       PORT :  cf5              0.50           0.56          -0.06  (VIOLATED)
       PIN :   U10/Y            0.50           0.56          -0.06  (VIOLATED)
   ce115                        0.50           0.56          -0.06  (VIOLATED)
       PORT :  ce115            0.50           0.56          -0.06  (VIOLATED)
       PIN :   U40/Y            0.50           0.56          -0.06  (VIOLATED)
   ce12                         0.50           0.55          -0.05  (VIOLATED)
       PORT :  ce12             0.50           0.55          -0.05  (VIOLATED)
       PIN :   U33/Y            0.50           0.55          -0.05  (VIOLATED)
   ce114                        0.50           0.55          -0.05  (VIOLATED)
       PORT :  ce114            0.50           0.55          -0.05  (VIOLATED)
       PIN :   U41/Y            0.50           0.55          -0.05  (VIOLATED)
   cf1                          0.50           0.55          -0.05  (VIOLATED)
       PORT :  cf1              0.50           0.55          -0.05  (VIOLATED)
       PIN :   U14/Y            0.50           0.55          -0.05  (VIOLATED)
   ce18                         0.50           0.55          -0.05  (VIOLATED)
       PORT :  ce18             0.50           0.55          -0.05  (VIOLATED)
       PIN :   U27/Y            0.50           0.55          -0.05  (VIOLATED)
   ce13                         0.50           0.54          -0.04  (VIOLATED)
       PORT :  ce13             0.50           0.54          -0.04  (VIOLATED)
       PIN :   U32/Y            0.50           0.54          -0.04  (VIOLATED)
   cf2                          0.50           0.54          -0.04  (VIOLATED)
       PORT :  cf2              0.50           0.54          -0.04  (VIOLATED)
       PIN :   U13/Y            0.50           0.54          -0.04  (VIOLATED)
   ce15                         0.50           0.54          -0.04  (VIOLATED)
       PORT :  ce15             0.50           0.54          -0.04  (VIOLATED)
       PIN :   U30/Y            0.50           0.54          -0.04  (VIOLATED)
   ce110                        0.50           0.54          -0.04  (VIOLATED)
       PORT :  ce110            0.50           0.54          -0.04  (VIOLATED)
       PIN :   U25/Y            0.50           0.54          -0.04  (VIOLATED)
   n119                         0.50           0.54          -0.04  (VIOLATED)
       PIN :   e111/U1/A2       0.50           0.54          -0.04  (VIOLATED)
       PIN :   e111/U2/A2       0.50           0.54          -0.04  (VIOLATED)
       PIN :   e114/U1/A2       0.50           0.54          -0.04  (VIOLATED)
       PIN :   e114/U2/A2       0.50           0.54          -0.04  (VIOLATED)
       PIN :   e118/U1/A2       0.50           0.54          -0.04  (VIOLATED)
       PIN :   e118/U2/A2       0.50           0.54          -0.04  (VIOLATED)
       PIN :   e112/U1/A2       0.50           0.54          -0.04  (VIOLATED)
       PIN :   e112/U2/A2       0.50           0.54          -0.04  (VIOLATED)
       PIN :   e113/U1/A2       0.50           0.54          -0.04  (VIOLATED)
       PIN :   e113/U2/A2       0.50           0.54          -0.04  (VIOLATED)
       PIN :   e116/U1/A2       0.50           0.54          -0.04  (VIOLATED)
       PIN :   e116/U2/A2       0.50           0.54          -0.04  (VIOLATED)
       PIN :   U49/Y            0.50           0.54          -0.04  (VIOLATED)
       PIN :   e1110/U1/A2      0.50           0.54          -0.04  (VIOLATED)
       PIN :   e1110/U2/A2      0.50           0.54          -0.04  (VIOLATED)
   n169                         0.50           0.54          -0.04  (VIOLATED)
       PIN :   e5/U1/A1         0.50           0.54          -0.04  (VIOLATED)
       PIN :   e5/U2/A1         0.50           0.54          -0.04  (VIOLATED)
       PIN :   e6/U1/A1         0.50           0.54          -0.04  (VIOLATED)
       PIN :   e6/U2/A1         0.50           0.54          -0.04  (VIOLATED)
       PIN :   e7/U1/A1         0.50           0.54          -0.04  (VIOLATED)
       PIN :   e7/U2/A1         0.50           0.54          -0.04  (VIOLATED)
       PIN :   e8/U1/A1         0.50           0.54          -0.04  (VIOLATED)
       PIN :   e8/U2/A1         0.50           0.54          -0.04  (VIOLATED)
       PIN :   e9/U1/A1         0.50           0.54          -0.04  (VIOLATED)
       PIN :   e9/U2/A1         0.50           0.54          -0.04  (VIOLATED)
       PIN :   U97/Y            0.50           0.54          -0.04  (VIOLATED)
       PIN :   e10/U1/A1        0.50           0.54          -0.04  (VIOLATED)
       PIN :   e10/U2/A1        0.50           0.54          -0.04  (VIOLATED)
   cf4                          0.50           0.54          -0.04  (VIOLATED)
       PORT :  cf4              0.50           0.54          -0.04  (VIOLATED)
       PIN :   U11/Y            0.50           0.54          -0.04  (VIOLATED)
   ce3                          0.50           0.53          -0.03  (VIOLATED)
       PORT :  ce3              0.50           0.53          -0.03  (VIOLATED)
       PIN :   U22/Y            0.50           0.53          -0.03  (VIOLATED)
   ce112                        0.50           0.53          -0.03  (VIOLATED)
       PORT :  ce112            0.50           0.53          -0.03  (VIOLATED)
       PIN :   U47/Y            0.50           0.53          -0.03  (VIOLATED)
   cf10                         0.50           0.53          -0.03  (VIOLATED)
       PORT :  cf10             0.50           0.53          -0.03  (VIOLATED)
       PIN :   U5/Y             0.50           0.53          -0.03  (VIOLATED)
   cf7                          0.50           0.53          -0.03  (VIOLATED)
       PORT :  cf7              0.50           0.53          -0.03  (VIOLATED)
       PIN :   U8/Y             0.50           0.53          -0.03  (VIOLATED)
   ce113                        0.50           0.53          -0.03  (VIOLATED)
       PORT :  ce113            0.50           0.53          -0.03  (VIOLATED)
       PIN :   U42/Y            0.50           0.53          -0.03  (VIOLATED)
   ce116                        0.50           0.53          -0.03  (VIOLATED)
       PORT :  ce116            0.50           0.53          -0.03  (VIOLATED)
       PIN :   U39/Y            0.50           0.53          -0.03  (VIOLATED)
   ce1110                       0.50           0.53          -0.03  (VIOLATED)
       PORT :  ce1110           0.50           0.53          -0.03  (VIOLATED)
       PIN :   U35/Y            0.50           0.53          -0.03  (VIOLATED)
   cf9                          0.50           0.53          -0.03  (VIOLATED)
       PORT :  cf9              0.50           0.53          -0.03  (VIOLATED)
       PIN :   U6/Y             0.50           0.53          -0.03  (VIOLATED)
   cf8                          0.50           0.52          -0.02  (VIOLATED)
       PORT :  cf8              0.50           0.52          -0.02  (VIOLATED)
       PIN :   U7/Y             0.50           0.52          -0.02  (VIOLATED)
   cf3                          0.50           0.52          -0.02  (VIOLATED)
       PORT :  cf3              0.50           0.52          -0.02  (VIOLATED)
       PIN :   U12/Y            0.50           0.52          -0.02  (VIOLATED)
   ce8                          0.50           0.52          -0.02  (VIOLATED)
       PORT :  ce8              0.50           0.52          -0.02  (VIOLATED)
       PIN :   U17/Y            0.50           0.52          -0.02  (VIOLATED)
   n126                         0.50           0.52          -0.02  (VIOLATED)
       PIN :   f4/U1/A2         0.50           0.52          -0.02  (VIOLATED)
       PIN :   f4/U2/A2         0.50           0.52          -0.02  (VIOLATED)
       PIN :   f1/U1/A2         0.50           0.52          -0.02  (VIOLATED)
       PIN :   f1/U2/A2         0.50           0.52          -0.02  (VIOLATED)
       PIN :   U56/Y            0.50           0.52          -0.02  (VIOLATED)
       PIN :   f9/U1/A2         0.50           0.52          -0.02  (VIOLATED)
       PIN :   f9/U2/A2         0.50           0.52          -0.02  (VIOLATED)
   ce5                          0.50           0.52          -0.02  (VIOLATED)
       PORT :  ce5              0.50           0.52          -0.02  (VIOLATED)
       PIN :   U20/Y            0.50           0.52          -0.02  (VIOLATED)
   cf6                          0.50           0.51          -0.01  (VIOLATED)
       PORT :  cf6              0.50           0.51          -0.01  (VIOLATED)
       PIN :   U9/Y             0.50           0.51          -0.01  (VIOLATED)
   ce9                          0.50           0.51          -0.01  (VIOLATED)
       PORT :  ce9              0.50           0.51          -0.01  (VIOLATED)
       PIN :   U16/Y            0.50           0.51          -0.01  (VIOLATED)
   ce4                          0.50           0.51          -0.01  (VIOLATED)
       PORT :  ce4              0.50           0.51          -0.01  (VIOLATED)
       PIN :   U21/Y            0.50           0.51          -0.01  (VIOLATED)
   f                            0.50           0.51          -0.01  (VIOLATED)
       PIN :   f3/U3/A          0.50           0.51          -0.01  (VIOLATED)
       PIN :   f6/U3/A          0.50           0.51          -0.01  (VIOLATED)
       PIN :   f7/U3/A          0.50           0.51          -0.01  (VIOLATED)
       PIN :   f8/U1/A2         0.50           0.51          -0.01  (VIOLATED)
       PIN :   f8/U2/A2         0.50           0.51          -0.01  (VIOLATED)
       PIN :   f10/U1/A2        0.50           0.51          -0.01  (VIOLATED)
       PIN :   f10/U2/A2        0.50           0.51          -0.01  (VIOLATED)
       PIN :   U44/Y            0.50           0.51          -0.01  (VIOLATED)
   ce2                          0.50           0.50           0.00  (VIOLATED: increase significant digits)
   ce7                          0.50           0.50           0.00  (VIOLATED: increase significant digits)

   -----------------------------------------------------------------
   Total                      86                -23.53  

   max_capacitance

                             Required        Actual
   Net                      Capacitance    Capacitance       Slack
   -----------------------------------------------------------------
   ce1                          8.00          15.77          -7.77  (VIOLATED)
   ce11                         8.00          14.52          -6.52  (VIOLATED)

   -----------------------------------------------------------------
   Total                      2                 -14.30  

   max_leakage_power

                             Required        Actual
   Design                   Leakage Power  Leakage Power     Slack
   -----------------------------------------------------------------
   fanout                       0.00       357709.22      -357709.22
                                                                    (VIOLATED)


1
